Running model_contract…
PASS model_contract
Running pricing_model…
PASS pricing_model
Running price_audit…
PASS price_audit
Running tier_boundaries…
PASS tier_boundaries
Running inventory_limits…
PASS inventory_limits
Running calibration_contract…
PASS calibration_contract
Running source_engine…
PASS source_engine
Running tier2_contract…
PASS tier2_contract
Running ui_actions…
PASS ui_actions
Running scheduler…
PASS scheduler
Running dashboard…
PASS dashboard
Running tier2_analytics…
PASS tier2_analytics
Running market_shocks…
PASS market_shocks
Running market_competition…
PASS market_competition
Running market_scarcity…
PASS market_scarcity
Running player_strategy…
PASS player_strategy
PASS: 16 quality checks (quick suite)
